
 RUN  v3.2.4 C:/Users/aravi/Documents/AI_LLM/projects/exact-screenshot

stdout | src/tests/roadmap/scope_audit.test.ts > Authority Scope Audit ΓÇö Task Coverage > every task with trackCompatibility=TRUST has authorityScope defined
TRUST tasks missing authorityScope: [
  [32m'intl_w8_assessment'[39m,
  [32m'itin_acquisition_protocol'[39m,
  [32m'evaluate_and_document_claims'[39m,
  [32m'nj_inheritance_tax_payment'[39m,
  [32m'nj_inheritance_tax_waiver'[39m,
  [32m'nj_distribution_block_until_clearance'[39m
]

stdout | src/tests/roadmap/scope_audit.test.ts > Authority Scope Audit ΓÇö Task Coverage > every task with trackCompatibility=PROBATE has authorityScope defined
PROBATE tasks missing authorityScope: [
  [32m'file_tx_heirship_proceeding'[39m,
  [32m'tx_homestead_protection'[39m,
  [32m'tx_exempt_property'[39m,
  [32m'tx_small_estate_affidavit'[39m,
  [32m'tx_bond_determination'[39m,
  [32m'tx_filing_fee_calculation'[39m,
  [32m'tx_citation_issuance'[39m,
  [32m'nj_elective_share_claim'[39m,
  [32m'nj_real_property_transfer'[39m,
  [32m'nj_bond_without_surety'[39m,
  [32m'nj_contested_probate_escalation'[39m,
  [32m'nj_real_estate_power_of_sale'[39m,
  [32m'pay_filing_fee'[39m,
  [32m'submit_oath_designation'[39m,
  [32m'obtain_citation'[39m,
  [32m'serve_citation'[39m,
  [32m'intl_w8_assessment'[39m,
  [32m'itin_acquisition_protocol'[39m,
  [32m'tx_publish_creditor_notice'[39m,
  [32m'tx_personal_creditor_notice'[39m,
  [32m'tx_medicaid_recovery_check'[39m,
  [32m'evaluate_and_document_claims'[39m,
  [32m'nj_inheritance_tax_payment'[39m,
  [32m'nj_inheritance_tax_waiver'[39m,
  [32m'nj_distribution_block_until_clearance'[39m
]

 Γ¥» src/tests/roadmap/scope_audit.test.ts (13 tests | 2 failed | 8 skipped) 8ms
   Γåô Scope Audit ΓÇö Zero UNSCOPED Tasks > 0 tasks with scope 'UNSCOPED'
   Γåô Scope Audit ΓÇö Zero UNSCOPED Tasks > 0 tasks with missing scope
   Γåô Scope Audit ΓÇö Zero UNSCOPED Tasks > every scope is CORE or US-{XX}
   Γåô Scope Audit ΓÇö No CORE Abuse > 0 CORE tasks with applicability.states
   Γåô Scope Audit ΓÇö No CORE Abuse > 0 CORE tasks with state-coded IDs
   Γåô Scope Audit ΓÇö No CORE Abuse > 0 CORE tasks with state statute references in title/description
   Γåô Scope Audit ΓÇö State Tasks Have Correct Scope > every task with applicability.states is NOT CORE
   Γåô Scope Audit ΓÇö State Tasks Have Correct Scope > state-prefixed tasks have matching scope
   ├ù Authority Scope Audit ΓÇö Task Coverage > every task with trackCompatibility=TRUST has authorityScope defined 5ms
     ΓåÆ expected [ 'intl_w8_assessment', ΓÇª(5) ] to deeply equal []
   ├ù Authority Scope Audit ΓÇö Task Coverage > every task with trackCompatibility=PROBATE has authorityScope defined 1ms
     ΓåÆ expected [ Array(25) ] to deeply equal []
   Γ£ô Authority Scope Audit ΓÇö Task Coverage > tasks with authorityScope=TRUST must not have trackCompatibility=PROBATE 0ms
   Γ£ô Authority Scope Audit ΓÇö Task Coverage > tasks with authorityScope=PROBATE must not have trackCompatibility=TRUST 0ms
   Γ£ô Authority Scope Audit ΓÇö Task Coverage > all tasks have valid authorityScope values 0ms

ΓÄ»ΓÄ»ΓÄ»ΓÄ»ΓÄ»ΓÄ»ΓÄ» Failed Tests 2 ΓÄ»ΓÄ»ΓÄ»ΓÄ»ΓÄ»ΓÄ»ΓÄ»

 FAIL  src/tests/roadmap/scope_audit.test.ts > Authority Scope Audit ΓÇö Task Coverage > every task with trackCompatibility=TRUST has authorityScope defined
AssertionError: expected [ 'intl_w8_assessment', ΓÇª(5) ] to deeply equal []

- Expected
+ Received

- []
+ [
+   "intl_w8_assessment",
+   "itin_acquisition_protocol",
+   "evaluate_and_document_claims",
+   "nj_inheritance_tax_payment",
+   "nj_inheritance_tax_waiver",
+   "nj_distribution_block_until_clearance",
+ ]

 Γ¥» src/tests/roadmap/scope_audit.test.ts:153:55
    151|             console.log("TRUST tasks missing authorityScope:", trustTaΓÇª
    152|         }
    153|         expect(trustTasksWithoutScope.map(t => t.id)).toEqual([]);
       |                                                       ^
    154|     });
    155| 

ΓÄ»ΓÄ»ΓÄ»ΓÄ»ΓÄ»ΓÄ»ΓÄ»ΓÄ»ΓÄ»ΓÄ»ΓÄ»ΓÄ»ΓÄ»ΓÄ»ΓÄ»ΓÄ»ΓÄ»ΓÄ»ΓÄ»ΓÄ»ΓÄ»ΓÄ»ΓÄ»ΓÄ»[1/2]ΓÄ»

 FAIL  src/tests/roadmap/scope_audit.test.ts > Authority Scope Audit ΓÇö Task Coverage > every task with trackCompatibility=PROBATE has authorityScope defined
AssertionError: expected [ Array(25) ] to deeply equal []

- Expected
+ Received

- []
+ [
+   "file_tx_heirship_proceeding",
+   "tx_homestead_protection",
+   "tx_exempt_property",
+   "tx_small_estate_affidavit",
+   "tx_bond_determination",
+   "tx_filing_fee_calculation",
+   "tx_citation_issuance",
+   "nj_elective_share_claim",
+   "nj_real_property_transfer",
+   "nj_bond_without_surety",
+   "nj_contested_probate_escalation",
+   "nj_real_estate_power_of_sale",
+   "pay_filing_fee",
+   "submit_oath_designation",
+   "obtain_citation",
+   "serve_citation",
+   "intl_w8_assessment",
+   "itin_acquisition_protocol",
+   "tx_publish_creditor_notice",
+   "tx_personal_creditor_notice",
+   "tx_medicaid_recovery_check",
+   "evaluate_and_document_claims",
+   "nj_inheritance_tax_payment",
+   "nj_inheritance_tax_waiver",
+   "nj_distribution_block_until_clearance",
+ ]

 Γ¥» src/tests/roadmap/scope_audit.test.ts:166:57
    164|             console.log("PROBATE tasks missing authorityScope:", probaΓÇª
    165|         }
    166|         expect(probateTasksWithoutScope.map(t => t.id)).toEqual([]);
       |                                                         ^
    167|     });
    168| 

ΓÄ»ΓÄ»ΓÄ»ΓÄ»ΓÄ»ΓÄ»ΓÄ»ΓÄ»ΓÄ»ΓÄ»ΓÄ»ΓÄ»ΓÄ»ΓÄ»ΓÄ»ΓÄ»ΓÄ»ΓÄ»ΓÄ»ΓÄ»ΓÄ»ΓÄ»ΓÄ»ΓÄ»[2/2]ΓÄ»


 Test Files  1 failed (1)
      Tests  2 failed | 3 passed | 8 skipped (13)
   Start at  19:27:06
   Duration  1.29s (transform 105ms, setup 251ms, collect 103ms, tests 8ms, environment 558ms, prepare 112ms)

 HTML  Report is generated
       You can run npx vite preview --outDir test-results to see the test results.
